Testing JarredClass:
String is Something
5
generator